
 RUN  v4.1.0 F:/POS/frontend

 ├ù src/test/pages/Auth/Login.test.jsx > Login Page > renders login form correctly 165ms
   ΓåÆ ResizeObserver is not defined
 ├ù src/test/pages/Auth/Login.test.jsx > Login Page > updates input fields on change 33ms
   ΓåÆ ResizeObserver is not defined
 ├ù src/test/pages/Auth/Login.test.jsx > Login Page > calls login function on form submission 28ms
   ΓåÆ ResizeObserver is not defined
 ├ù src/test/pages/Auth/Login.test.jsx > Login Page > shows loading state on button when isLoading is true 30ms
   ΓåÆ ResizeObserver is not defined

 Test Files  1 failed (1)
      Tests  4 failed (4)
   Start at  13:26:38
   Duration  3.63s (transform 259ms, setup 327ms, import 755ms, tests 275ms, environment 1.64s)

